// Jest Snapshot v1, https://goo.gl/fbAQLP

exports[`Avatar should render examples 1`] = `
"<div>
  <div>
    <div>
      <div>
        <div class=\\"c-avatar c-avatar--small\\">
          <!-- react-text: 4 -->
          <!-- /react-text -->
          <!-- react-text: 5 -->
          <!-- /react-text -->
          <svg class=\\"icon\\" width=\\"16\\" height=\\"16\\">
            <use xlink:href=\\"test-file-stub\\"></use>
          </svg>
        </div>
        <div class=\\"c-avatar c-avatar--small\\" style=\\"background-color: rgb(245, 45, 45); color: white;\\">
          <!-- react-text: 9 -->
          <!-- /react-text --><span class=\\"c-avatar-initials\\">CD</span></div>
        <div class=\\"c-avatar c-avatar--small\\">
          <img src=\\"https://cozy.io/fr/images/cozy-logo_white.png\\" class=\\"c-avatar-image\\" alt=\\"\\">
        </div>
      </div>
      <div>
        <div class=\\"c-avatar c-avatar--medium\\">
          <!-- react-text: 15 -->
          <!-- /react-text -->
          <!-- react-text: 16 -->
          <!-- /react-text -->
          <svg class=\\"icon\\" width=\\"16\\" height=\\"16\\">
            <use xlink:href=\\"test-file-stub\\"></use>
          </svg>
        </div>
        <div class=\\"c-avatar c-avatar--medium\\" style=\\"background-color: rgb(245, 45, 45); color: white;\\">
          <!-- react-text: 20 -->
          <!-- /react-text --><span class=\\"c-avatar-initials\\">CD</span></div>
        <div class=\\"c-avatar c-avatar--medium\\">
          <img src=\\"https://cozy.io/fr/images/cozy-logo_white.png\\" class=\\"c-avatar-image\\" alt=\\"\\">
        </div>
      </div>
    </div>
  </div>
</div>"
`;
