// Jest Snapshot v1, https://goo.gl/fbAQLP

exports[`Button should render examples 1`] = `
"<div>
  <div>
    <button aria-busy=\\"true\\" type=\\"submit\\" role=\\"button\\" class=\\"c-btn\\"><span><span>Loading</span></span>
    </button>
  </div>
</div>"
`;

exports[`Button should render examples 2`] = `
"<div>
  <div></div>
  <div>ReferenceError: __setInitialState is not defined</div>
</div>"
`;
