// Jest Snapshot v1, https://goo.gl/fbAQLP

exports[`SelectBox should render examples 1`] = `
"<div>
  <div>
    <div class=\\"react-select__container css-13t81xe\\"><span aria-atomic=\\"true\\" aria-live=\\"polite\\" role=\\"status\\" class=\\"css-17l7ekz\\">3 results available.</span>
      <div class=\\"react-select__control css-a83eig\\">
        <div class=\\"react-select__value-container react-select__value-container--isMulti css-12sevwg\\">
          <div class=\\"react-select__placeholder css-16ucli7\\">Select...</div>
          <div class=\\"css-16n6ap7\\">
            <div class=\\"react-select__input\\" style=\\"display: inline-block;\\">
              <input type=\\"text\\" autocapitalize=\\"none\\" autocomplete=\\"off\\" autocorrect=\\"off\\" id=\\"react-select-4--input\\" spellcheck=\\"false\\" tabindex=\\"0\\" value=\\"\\" aria-autocomplete=\\"list\\" aria-busy=\\"false\\" aria-expanded=\\"false\\" aria-haspopup=\\"false\\" role=\\"combobox\\"
                style=\\"box-sizing: content-box; width: 2px; border: 0px; font-size: inherit; opacity: 1; outline: 0; padding: 0px;\\">
              <div style=\\"position: absolute; top: 0px; left: 0px; visibility: hidden; height: 0px; overflow: scroll; white-space: pre; font-size: inherit; font-family: -webkit-small-control; letter-spacing: normal; text-transform: none;\\"></div>
            </div>
          </div>
        </div>
        <div class=\\"react-select__indicators css-1lfa1d8\\"><span role=\\"presentation\\" class=\\"react-select__indicator-separator css-1hq2z0s\\"></span>
          <div role=\\"button\\" class=\\"react-select__indicator react-select__dropdown-indicator css-1k2060c\\">
            <svg height=\\"20\\" width=\\"20\\" viewBox=\\"0 0 20 20\\" focusable=\\"false\\" role=\\"presentation\\" class=\\"react-select__icon react-select__down-icon css-qyb9b\\">
              <path d=\\"M4.516 7.548c0.436-0.446 1.043-0.481 1.576 0l3.908 3.747 3.908-3.747c0.533-0.481 1.141-0.446 1.574 0 0.436 0.445 0.408 1.197 0 1.615-0.406 0.418-4.695 4.502-4.695 4.502-0.217 0.223-0.502 0.335-0.787 0.335s-0.57-0.112-0.789-0.335c0 0-4.287-4.084-4.695-4.502s-0.436-1.17 0-1.615z\\"></path>
            </svg>
          </div>
        </div>
      </div>
    </div>
  </div>
</div>"
`;
