// Jest Snapshot v1, https://goo.gl/fbAQLP

exports[`Sidebar should render examples 1`] = `
"<div>
  <div>
    <aside class=\\"o-sidebar\\">
      <nav>
        <ul class=\\"c-nav\\">
          <li class=\\"c-nav-item\\">
            <a class=\\"c-nav-link\\"><span class=\\"c-nav-item__icon c-nav-icon\\"><svg class=\\"icon\\" width=\\"16\\" height=\\"16\\"><use xlink:href=\\"test-file-stub\\"></use></svg></span><span class=\\"c-nav-item__text\\">Warn</span></a>
          </li>
          <li class=\\"c-nav-item\\">
            <a class=\\"c-nav-link\\"><span class=\\"c-nav-item__icon c-nav-icon\\"><svg class=\\"icon\\" width=\\"16\\" height=\\"16\\"><use xlink:href=\\"test-file-stub\\"></use></svg></span><span class=\\"c-nav-item__text\\">Check</span></a>
          </li>
          <li class=\\"c-nav-item\\">
            <a class=\\"c-nav-link\\"><span class=\\"c-nav-item__icon c-nav-icon\\"><svg class=\\"icon\\" width=\\"16\\" height=\\"16\\"><use xlink:href=\\"test-file-stub\\"></use></svg></span><span class=\\"c-nav-item__text\\">Download</span></a>
          </li>
        </ul>
      </nav>
    </aside>
  </div>
</div>"
`;
