// Jest Snapshot v1, https://goo.gl/fbAQLP

exports[`Textarea should render examples 1`] = `
"<div>
  <div>
    <div>
      <p>
        <textarea placeholder=\\"I'm have a tiny size\\" class=\\"c-textarea c-textarea--tiny\\"></textarea>
      </p>
      <p>
        <textarea placeholder=\\"I'm have a medium size\\" class=\\"c-textarea c-textarea--medium\\"></textarea>
      </p>
    </div>
  </div>
</div>"
`;
