// Jest Snapshot v1, https://goo.gl/fbAQLP

exports[`Shortcutviewer renders the component 1`] = `
<div>
  <div
    class="styles__viewer-noviewer___3heA6"
  >
    <svg
      class="styles__icon___23x3R"
      height="140"
      width="160"
    >
      <use
        xlink:href="#file-type-files"
      />
    </svg>
    <p
      class="styles__viewer-filename___36bWW"
    />
    <a
      class="styles__c-btn___-2Vnj"
      href=""
      target="_blank"
    >
      <span>
        <svg
          aria-hidden="true"
          class="styles__icon___23x3R"
          focusable="false"
          height="16"
          viewBox="0 0 16 16"
          width="16"
        >
          <path
            d="M9 0v2h3.5L6 8.5 7.5 10 14 3.5V7h2V1.003A.996.996 0 0014.997 0H9zM7 2V0H1.003A1 1 0 000 1v14c0 .552.445 1 1 1h14c.552 0 1-.438 1-1.003V9h-2v5H2V2h5z"
            fill-rule="evenodd"
          />
        </svg>
        <span>
          Go to 
        </span>
      </span>
    </a>
  </div>
</div>
`;
