// Jest Snapshot v1, https://goo.gl/fbAQLP

exports[`TextViewer Component should display the error component and render with renderFallback 1`] = `
<div
  className="styles__viewer-noviewer___3heA6"
>
  <svg
    className="styles__icon___23x3R"
    height={140}
    style={Object {}}
    width={160}
  >
    <use
      xlinkHref="#file-type-files"
    />
  </svg>
  <p
    className="styles__viewer-filename___36bWW"
  >
    My File
  </p>
  <span>
    My File
  </span>
</div>
`;

exports[`TextViewer Component should display the loader  1`] = `<Loader />`;

exports[`TextViewer Component should display the markdown viewer 1`] = `
<div
  className="styles__viewer-textviewer___cISlz"
>
  <h2
    className="styles__viewer-filename___36bWW u-mt-3 u-mb-1"
  >
    My File
  </h2>
  <div
    className="styles__viewer-textviewer-content___q2RzR u-p-1"
  >
    <p>
      It's very easy to make some words 
      <strong>
        bold
      </strong>
       and other words 
      <em>
        italic
      </em>
       with Markdown
    </p>
  </div>
</div>
`;

exports[`TextViewer Component should display the text viewer 1`] = `
<div
  className="styles__viewer-textviewer___cISlz"
>
  <h2
    className="styles__viewer-filename___36bWW u-mt-3 u-mb-1"
  >
    My File
  </h2>
  <pre
    className="styles__viewer-textviewer-content___q2RzR u-mh-auto u-mv-2"
  >
    The content of my file
  </pre>
</div>
`;
