// Jest Snapshot v1, https://goo.gl/fbAQLP

exports[`AppsSection component should be rendered correctly with apps list, subtitle 1`] = `
Array [
  Object {
    "developer": "By Cozy",
    "status": null,
    "title": "Bouilligue",
  },
  Object {
    "developer": "By Cozy",
    "status": "Installed",
    "title": "Cozy Collect",
  },
  Object {
    "developer": "By Cozy",
    "status": null,
    "title": "DevOnly",
  },
  Object {
    "developer": "By Cozy",
    "status": "Installed",
    "title": "Cozy Drive",
  },
  Object {
    "developer": "By Cozy",
    "status": null,
    "title": "Cozy Photos",
  },
  Object {
    "developer": null,
    "status": "Update available",
    "title": "Tasky",
  },
  Object {
    "developer": "By Cozy",
    "status": "Installed",
    "title": "Trinlane",
  },
]
`;
