// Jest Snapshot v1, https://goo.gl/fbAQLP

exports[`AppsSection component should be rendered correctly with apps list, subtitle 1`] = `
Array [
  "Test Apps",
]
`;

exports[`AppsSection component should be rendered correctly with apps list, subtitle 2`] = `
Array [
  "Bouilligue",
  "Cozy Collect",
  "DevOnly",
  "Cozy Drive",
  "Cozy Photos",
  "Tasky",
  "Trinlane",
]
`;

exports[`AppsSection component should be rendered correctly with apps list, subtitle 3`] = `
Array [
  "By Cozy",
  "By Cozy",
  "Installed",
  "By Cozy",
  "By Cozy",
  "Installed",
  "By Cozy",
  "Update available",
  "By Cozy",
  "Installed",
]
`;
