// Jest Snapshot v1, https://goo.gl/fbAQLP

exports[`TextViewer Component should display the error component and render with renderFallback 1`] = `
<div
  className="styles__viewer-noviewer___auG-6"
>
  <svg
    className="styles__icon___23x3R"
    height={140}
    style={Object {}}
    viewBox="0 0 32 32"
    width={160}
  >
    <g
      fill="none"
      fillRule="evenodd"
    >
      <path
        d="M3 2.002C3 .896 3.89 0 4.997 0H22l7 7v22.996A2 2 0 0127.003 32H4.997A1.995 1.995 0 013 29.998V2.002z"
        fill="#D1D5DB"
      />
      <path
        d="M21.5 0c-.276 0-.5.23-.5.5V8h7.5c.276 0 .5-.232.5-.5V7l-7-7h-.5z"
        fill="#A3ACB8"
      />
    </g>
  </svg>
  <p
    className="styles__viewer-filename___3jZCt"
  >
    My File
  </p>
  <span>
    My File
  </span>
</div>
`;

exports[`TextViewer Component should display the loader  1`] = `<Loader />`;

exports[`TextViewer Component should display the markdown viewer 1`] = `
<div
  className="styles__viewer-textviewer___3u5Zw"
>
  <h2
    className="styles__viewer-filename___3jZCt u-mt-3 u-mb-1"
  >
    My File
  </h2>
  <div
    className="styles__viewer-textviewer-content___PB-c3 u-p-1"
  >
    <p>
      It's very easy to make some words 
      <strong>
        bold
      </strong>
       and other words 
      <em>
        italic
      </em>
       with Markdown
    </p>
  </div>
</div>
`;

exports[`TextViewer Component should display the text viewer 1`] = `
<div
  className="styles__viewer-textviewer___3u5Zw"
>
  <h2
    className="styles__viewer-filename___3jZCt u-mt-3 u-mb-1"
  >
    My File
  </h2>
  <pre
    className="styles__viewer-textviewer-content___PB-c3 u-mh-auto u-mv-2"
  >
    The content of my file
  </pre>
</div>
`;

exports[`TextViewer Component should display the text viewer when an URL is given 1`] = `
<div
  className="styles__viewer-textviewer___3u5Zw"
>
  <h2
    className="styles__viewer-filename___3jZCt u-mt-3 u-mb-1"
  >
    My File
  </h2>
  <pre
    className="styles__viewer-textviewer-content___PB-c3 u-mh-auto u-mv-2"
  >
    The content of my file
  </pre>
</div>
`;
