// Jest Snapshot v1, https://goo.gl/fbAQLP

exports[`ContactRow should match the contact snapshot 1`] = `
<li
  className="MuiListItem-root medium MuiListItem-gutters makeStyles-gutters-1 makeStyles-gutters-11"
  data-testid="contact-listItem"
  disabled={false}
  onClick={[Function]}
  size="medium"
>
  <div
    className="styles__TableCell___3vgVE styles__contact-identity___mL3IJ u-flex u-flex-items-center u-ellipsis u-p-0"
    data-testid="ContactIdentity"
  >
    <div
      className="styles__c-avatar___PpDI- styles__c-avatar--text___2dvna"
      data-testid="Avatar"
      style={
        Object {
          "--circleSize": "32px",
          "backgroundColor": "#FFC644",
        }
      }
    >
      
      <span
        className="styles__c-avatar-initials___310qC"
      >
        JD
      </span>
    </div>
    <p
      className="MuiTypography-root u-ml-1 MuiTypography-body1 MuiTypography-colorTextPrimary MuiTypography-noWrap MuiTypography-gutterBottom MuiTypography-displayInline"
      data-testid="ContactName"
    >
      <span
        className=""
      >
        John
         
      </span>
      <span
        className="u-fw-bold"
      >
        Doe
         
      </span>
    </p>
  </div>
  <div
    className="styles__TableCell___3vgVE styles__contact-email___3n3q2 u-ellipsis u-p-0"
    data-testid="ContactEmail"
  >
    johndoe@localhost
  </div>
  <div
    className="styles__TableCell___3vgVE styles__contact-phone___1sA_m u-ellipsis u-p-0"
    data-testid="ContactPhone"
  >
    0123456789
  </div>
  <div
    className="styles__TableCell___3vgVE styles__contact-cozyurl___3kBp5 u-ellipsis u-p-0"
    data-testid="ContactCozy"
  >
    http://johndoe.mycozy.cloud
  </div>
</li>
`;
