// Jest Snapshot v1, https://goo.gl/fbAQLP

exports[`AppsSection component should be rendered correctly with apps list, subtitle and onAppClick 1`] = `
<div
  className=""
>
  <SectionTitle>
    Applications
  </SectionTitle>
  <Section>
    <div>
      <AppsSection
        appsList={
          Array [
            Object {
              "categories": Array [
                "cozy",
              ],
              "developer": Object {
                "name": "Cozy",
              },
              "editor": "Cozy",
              "icon": "<svg></svg>",
              "installed": true,
              "isInRegistry": true,
              "label": 1,
              "name": "Collect",
              "name_prefix": "Cozy",
              "permissions": Object {
                "mock": Object {
                  "type": "io.mock.doctype",
                },
                "mock2": Object {
                  "type": "io.mock.doctype2",
                },
              },
              "related": "http://collect.cozy.mock/",
              "slug": "collect",
              "tags": Array [
                "konnector",
                "collect",
                "bills",
                "providers",
                "files",
              ],
              "type": "webapp",
              "uninstallable": false,
              "version": "3.0.0",
              "versions": Object {
                "beta": Array [
                  "3.0.0",
                ],
                "dev": Array [
                  "3.0.0",
                ],
                "stable": Array [
                  "3.0.0",
                ],
              },
            },
            Object {
              "categories": Array [
                "cozy",
              ],
              "developer": Object {
                "name": "Cozy",
              },
              "editor": "Cozy",
              "icon": "<svg></svg>",
              "installed": true,
              "name": "Drive",
              "name_prefix": "Cozy",
              "permissions": Object {
                "mock2": Object {
                  "type": "io.mock.doctype2",
                },
              },
              "related": "http://drive.cozy.mock/",
              "slug": "drive",
              "tags": Array [
                "search",
                "files",
                "folders",
              ],
              "type": "webapp",
              "uninstallable": false,
              "version": "3.0.0-beta89bnhj3993",
            },
            Object {
              "categories": Array [
                "cozy",
              ],
              "developer": Object {
                "name": "Cozy",
              },
              "editor": "Cozy",
              "icon": "<svg></svg>",
              "isInRegistry": true,
              "locales": Object {
                "en": Object {
                  "long_description": "A long description finally short",
                },
              },
              "name": "Photos",
              "name_prefix": "Cozy",
              "slug": "photos",
              "type": "webapp",
              "uninstallable": true,
              "versions": Object {
                "beta": Array [
                  "3.0.0",
                ],
                "dev": Array [
                  "3.0.0",
                ],
                "stable": Array [
                  "3.0.0",
                ],
              },
            },
          ]
        }
        displaySpecificMaintenanceStyle={false}
        onAppClick={[MockFunction]}
        subtitle={
          <SectionSubtitle>
            The essentials
          </SectionSubtitle>
        }
      />
      <AppsSection
        appsList={
          Array [
            Object {
              "availableVersion": "3.0.0",
              "categories": Array [
                "partners",
              ],
              "icon": "<svg></svg>",
              "installed": true,
              "isInRegistry": true,
              "name": "Tasky",
              "slug": "tasky",
              "type": "webapp",
              "uninstallable": true,
              "versions": Object {
                "beta": Array [
                  "3.0.0",
                  "1.0.0",
                ],
                "dev": Array [
                  "3.0.0",
                  "1.0.0",
                ],
                "stable": Array [
                  "3.0.0",
                  "1.0.0",
                ],
              },
            },
          ]
        }
        displaySpecificMaintenanceStyle={false}
        onAppClick={[MockFunction]}
        subtitle={
          <SectionSubtitle>
            Partners
          </SectionSubtitle>
        }
      />
      <AppsSection
        appsList={
          Array [
            Object {
              "categories": Array [
                "others",
              ],
              "developer": Object {
                "name": "Cozy",
              },
              "editor": "Cozy",
              "icon": "<svg></svg>",
              "isInRegistry": true,
              "locales": Object {
                "name": "For Dev Only",
              },
              "name": "DevOnly",
              "slug": "devonly",
              "type": "webapp",
              "uninstallable": true,
              "versions": Object {
                "beta": Array [],
                "dev": Array [
                  "1.0.0-betaojdkehy989ekhflldh",
                ],
                "stable": Array [],
              },
            },
          ]
        }
        displaySpecificMaintenanceStyle={false}
        onAppClick={[MockFunction]}
        subtitle={
          <SectionSubtitle>
            Others
          </SectionSubtitle>
        }
      />
    </div>
    <div>
      <SectionSubtitle>
        Services
      </SectionSubtitle>
      <AppsSection
        appsList={
          Array [
            Object {
              "categories": Array [
                "isp",
                "telecom",
              ],
              "developer": Object {
                "name": "Cozy",
              },
              "icon": "<svg></svg>",
              "isInRegistry": true,
              "name": "Bouilligue",
              "slug": "konnector-bouilligue",
              "type": "konnector",
              "uninstallable": true,
              "versions": Object {
                "beta": Array [
                  "0.1.0",
                ],
                "dev": Array [
                  "0.1.0",
                ],
                "stable": Array [
                  "0.1.0",
                ],
              },
            },
          ]
        }
        displaySpecificMaintenanceStyle={false}
        onAppClick={[MockFunction]}
        subtitle={
          <SectionSubSubtitle>
            Mobile and Internet
          </SectionSubSubtitle>
        }
      />
      <AppsSection
        appsList={
          Array [
            Object {
              "categories": Array [
                "isp",
                "telecom",
              ],
              "developer": Object {
                "name": "Cozy",
              },
              "icon": "<svg></svg>",
              "isInRegistry": true,
              "name": "Bouilligue",
              "slug": "konnector-bouilligue",
              "type": "konnector",
              "uninstallable": true,
              "versions": Object {
                "beta": Array [
                  "0.1.0",
                ],
                "dev": Array [
                  "0.1.0",
                ],
                "stable": Array [
                  "0.1.0",
                ],
              },
            },
          ]
        }
        displaySpecificMaintenanceStyle={false}
        onAppClick={[MockFunction]}
        subtitle={
          <SectionSubSubtitle>
            Telecom
          </SectionSubSubtitle>
        }
      />
      <AppsSection
        appsList={
          Array [
            Object {
              "categories": Array [
                "transport",
              ],
              "developer": Object {
                "name": "Cozy",
              },
              "icon": "<svg></svg>",
              "installed": true,
              "isInRegistry": true,
              "name": "Trinlane",
              "permissions": Object {
                "mock": Object {
                  "type": "io.mock.doctype",
                },
              },
              "slug": "konnector-trinlane",
              "tags": Array [
                "transport",
                "files",
                "bills",
              ],
              "type": "konnector",
              "uninstallable": true,
              "version": "0.1.0",
              "versions": Object {
                "beta": Array [
                  "0.1.0",
                ],
                "dev": Array [
                  "0.1.0",
                ],
                "stable": Array [
                  "0.1.0",
                ],
              },
            },
          ]
        }
        displaySpecificMaintenanceStyle={false}
        onAppClick={[MockFunction]}
        subtitle={
          <SectionSubSubtitle>
            Transportation
          </SectionSubSubtitle>
        }
      />
    </div>
  </Section>
</div>
`;

exports[`AppsSection component should not render dropdown filter on mobile if nav=false flag provided 1`] = `
<div
  className=""
>
  <Section>
    <div>
      <AppsSection
        appsList={
          Array [
            Object {
              "categories": Array [
                "cozy",
              ],
              "developer": Object {
                "name": "Cozy",
              },
              "editor": "Cozy",
              "icon": "<svg></svg>",
              "installed": true,
              "isInRegistry": true,
              "label": 1,
              "name": "Collect",
              "name_prefix": "Cozy",
              "permissions": Object {
                "mock": Object {
                  "type": "io.mock.doctype",
                },
                "mock2": Object {
                  "type": "io.mock.doctype2",
                },
              },
              "related": "http://collect.cozy.mock/",
              "slug": "collect",
              "tags": Array [
                "konnector",
                "collect",
                "bills",
                "providers",
                "files",
              ],
              "type": "webapp",
              "uninstallable": false,
              "version": "3.0.0",
              "versions": Object {
                "beta": Array [
                  "3.0.0",
                ],
                "dev": Array [
                  "3.0.0",
                ],
                "stable": Array [
                  "3.0.0",
                ],
              },
            },
            Object {
              "categories": Array [
                "cozy",
              ],
              "developer": Object {
                "name": "Cozy",
              },
              "editor": "Cozy",
              "icon": "<svg></svg>",
              "installed": true,
              "name": "Drive",
              "name_prefix": "Cozy",
              "permissions": Object {
                "mock2": Object {
                  "type": "io.mock.doctype2",
                },
              },
              "related": "http://drive.cozy.mock/",
              "slug": "drive",
              "tags": Array [
                "search",
                "files",
                "folders",
              ],
              "type": "webapp",
              "uninstallable": false,
              "version": "3.0.0-beta89bnhj3993",
            },
            Object {
              "categories": Array [
                "cozy",
              ],
              "developer": Object {
                "name": "Cozy",
              },
              "editor": "Cozy",
              "icon": "<svg></svg>",
              "isInRegistry": true,
              "locales": Object {
                "en": Object {
                  "long_description": "A long description finally short",
                },
              },
              "name": "Photos",
              "name_prefix": "Cozy",
              "slug": "photos",
              "type": "webapp",
              "uninstallable": true,
              "versions": Object {
                "beta": Array [
                  "3.0.0",
                ],
                "dev": Array [
                  "3.0.0",
                ],
                "stable": Array [
                  "3.0.0",
                ],
              },
            },
          ]
        }
        displaySpecificMaintenanceStyle={false}
        onAppClick={[MockFunction]}
        subtitle={
          <SectionSubtitle>
            The essentials
          </SectionSubtitle>
        }
      />
      <AppsSection
        appsList={
          Array [
            Object {
              "availableVersion": "3.0.0",
              "categories": Array [
                "partners",
              ],
              "icon": "<svg></svg>",
              "installed": true,
              "isInRegistry": true,
              "name": "Tasky",
              "slug": "tasky",
              "type": "webapp",
              "uninstallable": true,
              "versions": Object {
                "beta": Array [
                  "3.0.0",
                  "1.0.0",
                ],
                "dev": Array [
                  "3.0.0",
                  "1.0.0",
                ],
                "stable": Array [
                  "3.0.0",
                  "1.0.0",
                ],
              },
            },
          ]
        }
        displaySpecificMaintenanceStyle={false}
        onAppClick={[MockFunction]}
        subtitle={
          <SectionSubtitle>
            Partners
          </SectionSubtitle>
        }
      />
      <AppsSection
        appsList={
          Array [
            Object {
              "categories": Array [
                "others",
              ],
              "developer": Object {
                "name": "Cozy",
              },
              "editor": "Cozy",
              "icon": "<svg></svg>",
              "isInRegistry": true,
              "locales": Object {
                "name": "For Dev Only",
              },
              "name": "DevOnly",
              "slug": "devonly",
              "type": "webapp",
              "uninstallable": true,
              "versions": Object {
                "beta": Array [],
                "dev": Array [
                  "1.0.0-betaojdkehy989ekhflldh",
                ],
                "stable": Array [],
              },
            },
          ]
        }
        displaySpecificMaintenanceStyle={false}
        onAppClick={[MockFunction]}
        subtitle={
          <SectionSubtitle>
            Others
          </SectionSubtitle>
        }
      />
    </div>
    <div>
      <SectionSubtitle>
        Services
      </SectionSubtitle>
      <AppsSection
        appsList={
          Array [
            Object {
              "categories": Array [
                "isp",
                "telecom",
              ],
              "developer": Object {
                "name": "Cozy",
              },
              "icon": "<svg></svg>",
              "isInRegistry": true,
              "name": "Bouilligue",
              "slug": "konnector-bouilligue",
              "type": "konnector",
              "uninstallable": true,
              "versions": Object {
                "beta": Array [
                  "0.1.0",
                ],
                "dev": Array [
                  "0.1.0",
                ],
                "stable": Array [
                  "0.1.0",
                ],
              },
            },
          ]
        }
        displaySpecificMaintenanceStyle={false}
        onAppClick={[MockFunction]}
        subtitle={
          <SectionSubSubtitle>
            Mobile and Internet
          </SectionSubSubtitle>
        }
      />
      <AppsSection
        appsList={
          Array [
            Object {
              "categories": Array [
                "isp",
                "telecom",
              ],
              "developer": Object {
                "name": "Cozy",
              },
              "icon": "<svg></svg>",
              "isInRegistry": true,
              "name": "Bouilligue",
              "slug": "konnector-bouilligue",
              "type": "konnector",
              "uninstallable": true,
              "versions": Object {
                "beta": Array [
                  "0.1.0",
                ],
                "dev": Array [
                  "0.1.0",
                ],
                "stable": Array [
                  "0.1.0",
                ],
              },
            },
          ]
        }
        displaySpecificMaintenanceStyle={false}
        onAppClick={[MockFunction]}
        subtitle={
          <SectionSubSubtitle>
            Telecom
          </SectionSubSubtitle>
        }
      />
      <AppsSection
        appsList={
          Array [
            Object {
              "categories": Array [
                "transport",
              ],
              "developer": Object {
                "name": "Cozy",
              },
              "icon": "<svg></svg>",
              "installed": true,
              "isInRegistry": true,
              "name": "Trinlane",
              "permissions": Object {
                "mock": Object {
                  "type": "io.mock.doctype",
                },
              },
              "slug": "konnector-trinlane",
              "tags": Array [
                "transport",
                "files",
                "bills",
              ],
              "type": "konnector",
              "uninstallable": true,
              "version": "0.1.0",
              "versions": Object {
                "beta": Array [
                  "0.1.0",
                ],
                "dev": Array [
                  "0.1.0",
                ],
                "stable": Array [
                  "0.1.0",
                ],
              },
            },
          ]
        }
        displaySpecificMaintenanceStyle={false}
        onAppClick={[MockFunction]}
        subtitle={
          <SectionSubSubtitle>
            Transportation
          </SectionSubSubtitle>
        }
      />
    </div>
  </Section>
</div>
`;

exports[`AppsSection component should not render dropdown filter on tablet if nav=false flag provided 1`] = `
<div
  className=""
>
  <SectionTitle>
    Applications
  </SectionTitle>
  <Section>
    <div>
      <AppsSection
        appsList={
          Array [
            Object {
              "categories": Array [
                "cozy",
              ],
              "developer": Object {
                "name": "Cozy",
              },
              "editor": "Cozy",
              "icon": "<svg></svg>",
              "installed": true,
              "isInRegistry": true,
              "label": 1,
              "name": "Collect",
              "name_prefix": "Cozy",
              "permissions": Object {
                "mock": Object {
                  "type": "io.mock.doctype",
                },
                "mock2": Object {
                  "type": "io.mock.doctype2",
                },
              },
              "related": "http://collect.cozy.mock/",
              "slug": "collect",
              "tags": Array [
                "konnector",
                "collect",
                "bills",
                "providers",
                "files",
              ],
              "type": "webapp",
              "uninstallable": false,
              "version": "3.0.0",
              "versions": Object {
                "beta": Array [
                  "3.0.0",
                ],
                "dev": Array [
                  "3.0.0",
                ],
                "stable": Array [
                  "3.0.0",
                ],
              },
            },
            Object {
              "categories": Array [
                "cozy",
              ],
              "developer": Object {
                "name": "Cozy",
              },
              "editor": "Cozy",
              "icon": "<svg></svg>",
              "installed": true,
              "name": "Drive",
              "name_prefix": "Cozy",
              "permissions": Object {
                "mock2": Object {
                  "type": "io.mock.doctype2",
                },
              },
              "related": "http://drive.cozy.mock/",
              "slug": "drive",
              "tags": Array [
                "search",
                "files",
                "folders",
              ],
              "type": "webapp",
              "uninstallable": false,
              "version": "3.0.0-beta89bnhj3993",
            },
            Object {
              "categories": Array [
                "cozy",
              ],
              "developer": Object {
                "name": "Cozy",
              },
              "editor": "Cozy",
              "icon": "<svg></svg>",
              "isInRegistry": true,
              "locales": Object {
                "en": Object {
                  "long_description": "A long description finally short",
                },
              },
              "name": "Photos",
              "name_prefix": "Cozy",
              "slug": "photos",
              "type": "webapp",
              "uninstallable": true,
              "versions": Object {
                "beta": Array [
                  "3.0.0",
                ],
                "dev": Array [
                  "3.0.0",
                ],
                "stable": Array [
                  "3.0.0",
                ],
              },
            },
          ]
        }
        displaySpecificMaintenanceStyle={false}
        onAppClick={[MockFunction]}
        subtitle={
          <SectionSubtitle>
            The essentials
          </SectionSubtitle>
        }
      />
      <AppsSection
        appsList={
          Array [
            Object {
              "availableVersion": "3.0.0",
              "categories": Array [
                "partners",
              ],
              "icon": "<svg></svg>",
              "installed": true,
              "isInRegistry": true,
              "name": "Tasky",
              "slug": "tasky",
              "type": "webapp",
              "uninstallable": true,
              "versions": Object {
                "beta": Array [
                  "3.0.0",
                  "1.0.0",
                ],
                "dev": Array [
                  "3.0.0",
                  "1.0.0",
                ],
                "stable": Array [
                  "3.0.0",
                  "1.0.0",
                ],
              },
            },
          ]
        }
        displaySpecificMaintenanceStyle={false}
        onAppClick={[MockFunction]}
        subtitle={
          <SectionSubtitle>
            Partners
          </SectionSubtitle>
        }
      />
      <AppsSection
        appsList={
          Array [
            Object {
              "categories": Array [
                "others",
              ],
              "developer": Object {
                "name": "Cozy",
              },
              "editor": "Cozy",
              "icon": "<svg></svg>",
              "isInRegistry": true,
              "locales": Object {
                "name": "For Dev Only",
              },
              "name": "DevOnly",
              "slug": "devonly",
              "type": "webapp",
              "uninstallable": true,
              "versions": Object {
                "beta": Array [],
                "dev": Array [
                  "1.0.0-betaojdkehy989ekhflldh",
                ],
                "stable": Array [],
              },
            },
          ]
        }
        displaySpecificMaintenanceStyle={false}
        onAppClick={[MockFunction]}
        subtitle={
          <SectionSubtitle>
            Others
          </SectionSubtitle>
        }
      />
    </div>
    <div>
      <SectionSubtitle>
        Services
      </SectionSubtitle>
      <AppsSection
        appsList={
          Array [
            Object {
              "categories": Array [
                "isp",
                "telecom",
              ],
              "developer": Object {
                "name": "Cozy",
              },
              "icon": "<svg></svg>",
              "isInRegistry": true,
              "name": "Bouilligue",
              "slug": "konnector-bouilligue",
              "type": "konnector",
              "uninstallable": true,
              "versions": Object {
                "beta": Array [
                  "0.1.0",
                ],
                "dev": Array [
                  "0.1.0",
                ],
                "stable": Array [
                  "0.1.0",
                ],
              },
            },
          ]
        }
        displaySpecificMaintenanceStyle={false}
        onAppClick={[MockFunction]}
        subtitle={
          <SectionSubSubtitle>
            Mobile and Internet
          </SectionSubSubtitle>
        }
      />
      <AppsSection
        appsList={
          Array [
            Object {
              "categories": Array [
                "isp",
                "telecom",
              ],
              "developer": Object {
                "name": "Cozy",
              },
              "icon": "<svg></svg>",
              "isInRegistry": true,
              "name": "Bouilligue",
              "slug": "konnector-bouilligue",
              "type": "konnector",
              "uninstallable": true,
              "versions": Object {
                "beta": Array [
                  "0.1.0",
                ],
                "dev": Array [
                  "0.1.0",
                ],
                "stable": Array [
                  "0.1.0",
                ],
              },
            },
          ]
        }
        displaySpecificMaintenanceStyle={false}
        onAppClick={[MockFunction]}
        subtitle={
          <SectionSubSubtitle>
            Telecom
          </SectionSubSubtitle>
        }
      />
      <AppsSection
        appsList={
          Array [
            Object {
              "categories": Array [
                "transport",
              ],
              "developer": Object {
                "name": "Cozy",
              },
              "icon": "<svg></svg>",
              "installed": true,
              "isInRegistry": true,
              "name": "Trinlane",
              "permissions": Object {
                "mock": Object {
                  "type": "io.mock.doctype",
                },
              },
              "slug": "konnector-trinlane",
              "tags": Array [
                "transport",
                "files",
                "bills",
              ],
              "type": "konnector",
              "uninstallable": true,
              "version": "0.1.0",
              "versions": Object {
                "beta": Array [
                  "0.1.0",
                ],
                "dev": Array [
                  "0.1.0",
                ],
                "stable": Array [
                  "0.1.0",
                ],
              },
            },
          ]
        }
        displaySpecificMaintenanceStyle={false}
        onAppClick={[MockFunction]}
        subtitle={
          <SectionSubSubtitle>
            Transportation
          </SectionSubSubtitle>
        }
      />
    </div>
  </Section>
</div>
`;

exports[`AppsSection component should render correctly render message if error provided 1`] = `
<p
  className="u-error"
>
  This is a test error
</p>
`;

exports[`AppsSection component should render dropdown filter on mobile if no nav=false flag provided 1`] = `
<div
  className="u-mt-half"
>
  <DropdownFilter
    defaultValue={
      Object {
        "label": "All categories",
        "secondary": false,
        "value": "all",
      }
    }
    onChange={[Function]}
    options={
      Array [
        Object {
          "label": "All categories",
          "secondary": false,
          "value": "all",
        },
        Object {
          "label": "The essentials",
          "secondary": false,
          "type": "webapp",
          "value": "cozy",
        },
        Object {
          "label": "Others",
          "secondary": false,
          "type": "webapp",
          "value": "others",
        },
        Object {
          "label": "Partners",
          "secondary": false,
          "type": "webapp",
          "value": "partners",
        },
        Object {
          "label": "Services",
          "secondary": false,
          "value": "konnectors",
        },
        Object {
          "label": "Mobile and Internet",
          "secondary": true,
          "type": "konnector",
          "value": "isp",
        },
        Object {
          "label": "Telecom",
          "secondary": true,
          "type": "konnector",
          "value": "telecom",
        },
        Object {
          "label": "Transportation",
          "secondary": true,
          "type": "konnector",
          "value": "transport",
        },
      ]
    }
  />
  <Section>
    <div>
      <AppsSection
        appsList={
          Array [
            Object {
              "categories": Array [
                "cozy",
              ],
              "developer": Object {
                "name": "Cozy",
              },
              "editor": "Cozy",
              "icon": "<svg></svg>",
              "installed": true,
              "isInRegistry": true,
              "label": 1,
              "name": "Collect",
              "name_prefix": "Cozy",
              "permissions": Object {
                "mock": Object {
                  "type": "io.mock.doctype",
                },
                "mock2": Object {
                  "type": "io.mock.doctype2",
                },
              },
              "related": "http://collect.cozy.mock/",
              "slug": "collect",
              "tags": Array [
                "konnector",
                "collect",
                "bills",
                "providers",
                "files",
              ],
              "type": "webapp",
              "uninstallable": false,
              "version": "3.0.0",
              "versions": Object {
                "beta": Array [
                  "3.0.0",
                ],
                "dev": Array [
                  "3.0.0",
                ],
                "stable": Array [
                  "3.0.0",
                ],
              },
            },
            Object {
              "categories": Array [
                "cozy",
              ],
              "developer": Object {
                "name": "Cozy",
              },
              "editor": "Cozy",
              "icon": "<svg></svg>",
              "installed": true,
              "name": "Drive",
              "name_prefix": "Cozy",
              "permissions": Object {
                "mock2": Object {
                  "type": "io.mock.doctype2",
                },
              },
              "related": "http://drive.cozy.mock/",
              "slug": "drive",
              "tags": Array [
                "search",
                "files",
                "folders",
              ],
              "type": "webapp",
              "uninstallable": false,
              "version": "3.0.0-beta89bnhj3993",
            },
            Object {
              "categories": Array [
                "cozy",
              ],
              "developer": Object {
                "name": "Cozy",
              },
              "editor": "Cozy",
              "icon": "<svg></svg>",
              "isInRegistry": true,
              "locales": Object {
                "en": Object {
                  "long_description": "A long description finally short",
                },
              },
              "name": "Photos",
              "name_prefix": "Cozy",
              "slug": "photos",
              "type": "webapp",
              "uninstallable": true,
              "versions": Object {
                "beta": Array [
                  "3.0.0",
                ],
                "dev": Array [
                  "3.0.0",
                ],
                "stable": Array [
                  "3.0.0",
                ],
              },
            },
          ]
        }
        displaySpecificMaintenanceStyle={false}
        onAppClick={[MockFunction]}
        subtitle={
          <SectionSubtitle>
            The essentials
          </SectionSubtitle>
        }
      />
      <AppsSection
        appsList={
          Array [
            Object {
              "availableVersion": "3.0.0",
              "categories": Array [
                "partners",
              ],
              "icon": "<svg></svg>",
              "installed": true,
              "isInRegistry": true,
              "name": "Tasky",
              "slug": "tasky",
              "type": "webapp",
              "uninstallable": true,
              "versions": Object {
                "beta": Array [
                  "3.0.0",
                  "1.0.0",
                ],
                "dev": Array [
                  "3.0.0",
                  "1.0.0",
                ],
                "stable": Array [
                  "3.0.0",
                  "1.0.0",
                ],
              },
            },
          ]
        }
        displaySpecificMaintenanceStyle={false}
        onAppClick={[MockFunction]}
        subtitle={
          <SectionSubtitle>
            Partners
          </SectionSubtitle>
        }
      />
      <AppsSection
        appsList={
          Array [
            Object {
              "categories": Array [
                "others",
              ],
              "developer": Object {
                "name": "Cozy",
              },
              "editor": "Cozy",
              "icon": "<svg></svg>",
              "isInRegistry": true,
              "locales": Object {
                "name": "For Dev Only",
              },
              "name": "DevOnly",
              "slug": "devonly",
              "type": "webapp",
              "uninstallable": true,
              "versions": Object {
                "beta": Array [],
                "dev": Array [
                  "1.0.0-betaojdkehy989ekhflldh",
                ],
                "stable": Array [],
              },
            },
          ]
        }
        displaySpecificMaintenanceStyle={false}
        onAppClick={[MockFunction]}
        subtitle={
          <SectionSubtitle>
            Others
          </SectionSubtitle>
        }
      />
    </div>
    <div>
      <SectionSubtitle>
        Services
      </SectionSubtitle>
      <AppsSection
        appsList={
          Array [
            Object {
              "categories": Array [
                "isp",
                "telecom",
              ],
              "developer": Object {
                "name": "Cozy",
              },
              "icon": "<svg></svg>",
              "isInRegistry": true,
              "name": "Bouilligue",
              "slug": "konnector-bouilligue",
              "type": "konnector",
              "uninstallable": true,
              "versions": Object {
                "beta": Array [
                  "0.1.0",
                ],
                "dev": Array [
                  "0.1.0",
                ],
                "stable": Array [
                  "0.1.0",
                ],
              },
            },
          ]
        }
        displaySpecificMaintenanceStyle={false}
        onAppClick={[MockFunction]}
        subtitle={
          <SectionSubSubtitle>
            Mobile and Internet
          </SectionSubSubtitle>
        }
      />
      <AppsSection
        appsList={
          Array [
            Object {
              "categories": Array [
                "isp",
                "telecom",
              ],
              "developer": Object {
                "name": "Cozy",
              },
              "icon": "<svg></svg>",
              "isInRegistry": true,
              "name": "Bouilligue",
              "slug": "konnector-bouilligue",
              "type": "konnector",
              "uninstallable": true,
              "versions": Object {
                "beta": Array [
                  "0.1.0",
                ],
                "dev": Array [
                  "0.1.0",
                ],
                "stable": Array [
                  "0.1.0",
                ],
              },
            },
          ]
        }
        displaySpecificMaintenanceStyle={false}
        onAppClick={[MockFunction]}
        subtitle={
          <SectionSubSubtitle>
            Telecom
          </SectionSubSubtitle>
        }
      />
      <AppsSection
        appsList={
          Array [
            Object {
              "categories": Array [
                "transport",
              ],
              "developer": Object {
                "name": "Cozy",
              },
              "icon": "<svg></svg>",
              "installed": true,
              "isInRegistry": true,
              "name": "Trinlane",
              "permissions": Object {
                "mock": Object {
                  "type": "io.mock.doctype",
                },
              },
              "slug": "konnector-trinlane",
              "tags": Array [
                "transport",
                "files",
                "bills",
              ],
              "type": "konnector",
              "uninstallable": true,
              "version": "0.1.0",
              "versions": Object {
                "beta": Array [
                  "0.1.0",
                ],
                "dev": Array [
                  "0.1.0",
                ],
                "stable": Array [
                  "0.1.0",
                ],
              },
            },
          ]
        }
        displaySpecificMaintenanceStyle={false}
        onAppClick={[MockFunction]}
        subtitle={
          <SectionSubSubtitle>
            Transportation
          </SectionSubSubtitle>
        }
      />
    </div>
  </Section>
</div>
`;

exports[`AppsSection component should render dropdown filter on tablet if no nav=false flag provided 1`] = `
<div
  className="u-mt-half"
>
  <DropdownFilter
    defaultValue={
      Object {
        "label": "All categories",
        "secondary": false,
        "value": "all",
      }
    }
    onChange={[Function]}
    options={
      Array [
        Object {
          "label": "All categories",
          "secondary": false,
          "value": "all",
        },
        Object {
          "label": "The essentials",
          "secondary": false,
          "type": "webapp",
          "value": "cozy",
        },
        Object {
          "label": "Others",
          "secondary": false,
          "type": "webapp",
          "value": "others",
        },
        Object {
          "label": "Partners",
          "secondary": false,
          "type": "webapp",
          "value": "partners",
        },
        Object {
          "label": "Services",
          "secondary": false,
          "value": "konnectors",
        },
        Object {
          "label": "Mobile and Internet",
          "secondary": true,
          "type": "konnector",
          "value": "isp",
        },
        Object {
          "label": "Telecom",
          "secondary": true,
          "type": "konnector",
          "value": "telecom",
        },
        Object {
          "label": "Transportation",
          "secondary": true,
          "type": "konnector",
          "value": "transport",
        },
      ]
    }
  />
  <SectionTitle>
    Applications
  </SectionTitle>
  <Section>
    <div>
      <AppsSection
        appsList={
          Array [
            Object {
              "categories": Array [
                "cozy",
              ],
              "developer": Object {
                "name": "Cozy",
              },
              "editor": "Cozy",
              "icon": "<svg></svg>",
              "installed": true,
              "isInRegistry": true,
              "label": 1,
              "name": "Collect",
              "name_prefix": "Cozy",
              "permissions": Object {
                "mock": Object {
                  "type": "io.mock.doctype",
                },
                "mock2": Object {
                  "type": "io.mock.doctype2",
                },
              },
              "related": "http://collect.cozy.mock/",
              "slug": "collect",
              "tags": Array [
                "konnector",
                "collect",
                "bills",
                "providers",
                "files",
              ],
              "type": "webapp",
              "uninstallable": false,
              "version": "3.0.0",
              "versions": Object {
                "beta": Array [
                  "3.0.0",
                ],
                "dev": Array [
                  "3.0.0",
                ],
                "stable": Array [
                  "3.0.0",
                ],
              },
            },
            Object {
              "categories": Array [
                "cozy",
              ],
              "developer": Object {
                "name": "Cozy",
              },
              "editor": "Cozy",
              "icon": "<svg></svg>",
              "installed": true,
              "name": "Drive",
              "name_prefix": "Cozy",
              "permissions": Object {
                "mock2": Object {
                  "type": "io.mock.doctype2",
                },
              },
              "related": "http://drive.cozy.mock/",
              "slug": "drive",
              "tags": Array [
                "search",
                "files",
                "folders",
              ],
              "type": "webapp",
              "uninstallable": false,
              "version": "3.0.0-beta89bnhj3993",
            },
            Object {
              "categories": Array [
                "cozy",
              ],
              "developer": Object {
                "name": "Cozy",
              },
              "editor": "Cozy",
              "icon": "<svg></svg>",
              "isInRegistry": true,
              "locales": Object {
                "en": Object {
                  "long_description": "A long description finally short",
                },
              },
              "name": "Photos",
              "name_prefix": "Cozy",
              "slug": "photos",
              "type": "webapp",
              "uninstallable": true,
              "versions": Object {
                "beta": Array [
                  "3.0.0",
                ],
                "dev": Array [
                  "3.0.0",
                ],
                "stable": Array [
                  "3.0.0",
                ],
              },
            },
          ]
        }
        displaySpecificMaintenanceStyle={false}
        onAppClick={[MockFunction]}
        subtitle={
          <SectionSubtitle>
            The essentials
          </SectionSubtitle>
        }
      />
      <AppsSection
        appsList={
          Array [
            Object {
              "availableVersion": "3.0.0",
              "categories": Array [
                "partners",
              ],
              "icon": "<svg></svg>",
              "installed": true,
              "isInRegistry": true,
              "name": "Tasky",
              "slug": "tasky",
              "type": "webapp",
              "uninstallable": true,
              "versions": Object {
                "beta": Array [
                  "3.0.0",
                  "1.0.0",
                ],
                "dev": Array [
                  "3.0.0",
                  "1.0.0",
                ],
                "stable": Array [
                  "3.0.0",
                  "1.0.0",
                ],
              },
            },
          ]
        }
        displaySpecificMaintenanceStyle={false}
        onAppClick={[MockFunction]}
        subtitle={
          <SectionSubtitle>
            Partners
          </SectionSubtitle>
        }
      />
      <AppsSection
        appsList={
          Array [
            Object {
              "categories": Array [
                "others",
              ],
              "developer": Object {
                "name": "Cozy",
              },
              "editor": "Cozy",
              "icon": "<svg></svg>",
              "isInRegistry": true,
              "locales": Object {
                "name": "For Dev Only",
              },
              "name": "DevOnly",
              "slug": "devonly",
              "type": "webapp",
              "uninstallable": true,
              "versions": Object {
                "beta": Array [],
                "dev": Array [
                  "1.0.0-betaojdkehy989ekhflldh",
                ],
                "stable": Array [],
              },
            },
          ]
        }
        displaySpecificMaintenanceStyle={false}
        onAppClick={[MockFunction]}
        subtitle={
          <SectionSubtitle>
            Others
          </SectionSubtitle>
        }
      />
    </div>
    <div>
      <SectionSubtitle>
        Services
      </SectionSubtitle>
      <AppsSection
        appsList={
          Array [
            Object {
              "categories": Array [
                "isp",
                "telecom",
              ],
              "developer": Object {
                "name": "Cozy",
              },
              "icon": "<svg></svg>",
              "isInRegistry": true,
              "name": "Bouilligue",
              "slug": "konnector-bouilligue",
              "type": "konnector",
              "uninstallable": true,
              "versions": Object {
                "beta": Array [
                  "0.1.0",
                ],
                "dev": Array [
                  "0.1.0",
                ],
                "stable": Array [
                  "0.1.0",
                ],
              },
            },
          ]
        }
        displaySpecificMaintenanceStyle={false}
        onAppClick={[MockFunction]}
        subtitle={
          <SectionSubSubtitle>
            Mobile and Internet
          </SectionSubSubtitle>
        }
      />
      <AppsSection
        appsList={
          Array [
            Object {
              "categories": Array [
                "isp",
                "telecom",
              ],
              "developer": Object {
                "name": "Cozy",
              },
              "icon": "<svg></svg>",
              "isInRegistry": true,
              "name": "Bouilligue",
              "slug": "konnector-bouilligue",
              "type": "konnector",
              "uninstallable": true,
              "versions": Object {
                "beta": Array [
                  "0.1.0",
                ],
                "dev": Array [
                  "0.1.0",
                ],
                "stable": Array [
                  "0.1.0",
                ],
              },
            },
          ]
        }
        displaySpecificMaintenanceStyle={false}
        onAppClick={[MockFunction]}
        subtitle={
          <SectionSubSubtitle>
            Telecom
          </SectionSubSubtitle>
        }
      />
      <AppsSection
        appsList={
          Array [
            Object {
              "categories": Array [
                "transport",
              ],
              "developer": Object {
                "name": "Cozy",
              },
              "icon": "<svg></svg>",
              "installed": true,
              "isInRegistry": true,
              "name": "Trinlane",
              "permissions": Object {
                "mock": Object {
                  "type": "io.mock.doctype",
                },
              },
              "slug": "konnector-trinlane",
              "tags": Array [
                "transport",
                "files",
                "bills",
              ],
              "type": "konnector",
              "uninstallable": true,
              "version": "0.1.0",
              "versions": Object {
                "beta": Array [
                  "0.1.0",
                ],
                "dev": Array [
                  "0.1.0",
                ],
                "stable": Array [
                  "0.1.0",
                ],
              },
            },
          ]
        }
        displaySpecificMaintenanceStyle={false}
        onAppClick={[MockFunction]}
        subtitle={
          <SectionSubSubtitle>
            Transportation
          </SectionSubSubtitle>
        }
      />
    </div>
  </Section>
</div>
`;
